<html>
<body>
<pre>
<h1>µVision Build Log</h1>
<h2>Tool Versions:</h2>
IDE-Version: ¦ÌVision V5.38.0.0
Copyright (C) 2022 ARM Ltd and ARM Germany GmbH. All rights reserved.
License Information: 1 2279746395@qq.com, 1, LIC=SDA0P-M6BCN-56EQ2-9ZA76-J1CV9-1WPGM
 
Tool Versions:
Toolchain:       MDK-ARM Plus  Version: 5.38.0.0
Toolchain Path:  D:\Program Files\Keil_v5\ARM\ARMCC\Bin
C Compiler:      Armcc.exe V5.06 update 6 (build 750)
Assembler:       Armasm.exe V5.06 update 6 (build 750)
Linker/Locator:  ArmLink.exe V5.06 update 6 (build 750)
Library Manager: ArmAr.exe V5.06 update 6 (build 750)
Hex Converter:   FromElf.exe V5.06 update 6 (build 750)
CPU DLL:         SARMCM3.DLL V5.38.0.0
Dialog DLL:      DCM.DLL V1.17.5.0
Target DLL:      CMSIS_AGDI.dll V1.33.15.0
Dialog DLL:      TCM.DLL V1.56.4.0
 
<h2>Project:</h2>
C:\Users\22797\Desktop\LanQiao\Homework\No13G\MDK-ARM\No13G.uvprojx
Project File Date:  05/19/2024

<h2>Output:</h2>
*** Using Compiler 'V5.06 update 6 (build 750)', folder: 'D:\Program Files\Keil_v5\ARM\ARMCC\Bin'
Build target 'No13G'
compiling mymain.c...
..\bsp\mymain.h(23): warning:  #1295-D: Deprecated declaration led_set - give arg types
  extern void led_set();
..\bsp\mymain.h(39): warning:  #1295-D: Deprecated declaration adc2_read - give arg types
  extern void adc2_read();
..\bsp\mymain.h(74): warning:  #1-D: last line of file ends without a newline
  #endif
..\bsp\mymain.c(16): warning:  #223-D: function "REG_8230_Init" declared implicitly
          REG_8230_Init();
..\bsp\mymain.c: 4 warnings, 0 errors
compiling main.c...
../bsp/mymain.h(23): warning:  #1295-D: Deprecated declaration led_set - give arg types
  extern void led_set();
../bsp/mymain.h(39): warning:  #1295-D: Deprecated declaration adc2_read - give arg types
  extern void adc2_read();
../bsp/mymain.h(74): warning:  #1-D: last line of file ends without a newline
  #endif
../Core/Src/main.c(281): warning:  #167-D: argument of type "char *" is incompatible with parameter of type "const uint8_t *"
  			HAL_UART_Transmit(&huart1,text,strlen(text),50);
../Core/Src/main.c(286): warning:  #167-D: argument of type "char *" is incompatible with parameter of type "const uint8_t *"
  			HAL_UART_Transmit(&huart1,text,strlen(text),50);
../Core/Src/main.c(291): warning:  #167-D: argument of type "char *" is incompatible with parameter of type "const uint8_t *"
  			HAL_UART_Transmit(&huart1,text,strlen(text),50);
../Core/Src/main.c(296): warning:  #167-D: argument of type "char *" is incompatible with parameter of type "const uint8_t *"
  			HAL_UART_Transmit(&huart1,text,strlen(text),50);
../Core/Src/main.c(301): warning:  #167-D: argument of type "char *" is incompatible with parameter of type "const uint8_t *"
  			HAL_UART_Transmit(&huart1,text,strlen(text),50);
../Core/Src/main.c(388): warning:  #167-D: argument of type "char *" is incompatible with parameter of type "const uint8_t *"
  	HAL_UART_Transmit(&huart1,text,strlen(text),50);
../Core/Src/main.c: 9 warnings, 0 errors
linking...
Program Size: Code=27474 RO-data=5306 RW-data=92 ZI-data=3220  
FromELF: creating hex file...
"No13G\No13G.axf" - 0 Error(s), 13 Warning(s).

<h2>Software Packages used:</h2>

Package Vendor: ARM
                http://www.keil.com/pack/ARM.CMSIS.5.9.0.pack
                ARM.CMSIS.5.9.0
                CMSIS (Common Microcontroller Software Interface Standard)
   * Component: CORE Version: 5.6.0

Package Vendor: Keil
                http://www.keil.com/pack/Keil.STM32G4xx_DFP.1.4.0.pack
                Keil.STM32G4xx_DFP.1.4.0
                STMicroelectronics STM32G4 Series Device Support, Drivers and Examples

<h2>Collection of Component include folders:</h2>
  ./RTE/_No13G
  D:/Program Files/ARM/Packs/ARM/CMSIS/5.9.0/CMSIS/Core/Include
  D:/Program Files/ARM/Packs/Keil/STM32G4xx_DFP/1.4.0/Drivers/CMSIS/Device/ST/STM32G4xx/Include

<h2>Collection of Component Files used:</h2>

   * Component: ARM::CMSIS:CORE:5.6.0
      Include file:  CMSIS/Core/Include/tz_context.h
Build Time Elapsed:  00:00:02
</pre>
</body>
</html>
